// Jest Snapshot v1, https://goo.gl/fbAQLP

exports[`Should CityButton render correctly 1`] = `
<div>
  <li
    class="locations__item"
  >
    <a
      class="locations__item-link tabs__item tabs__item--active"
    >
      <span />
    </a>
  </li>
</div>
`;
